> Task :app:preBuild UP-TO-DATE
> Task :app:preDebugBuild UP-TO-DATE
> Task :app:mergeDebugNativeDebugMetadata NO-SOURCE
> Task :app:checkDebugAarMetadata UP-TO-DATE
> Task :app:generateDebugResValues UP-TO-DATE
> Task :app:mapDebugSourceSetPaths UP-TO-DATE
> Task :app:generateDebugResources UP-TO-DATE
> Task :app:mergeDebugResources FAILED
.\gradlew.bat : 
At line:1 char:5
+ & { .\gradlew.bat assembleDebug *> build_output.txt; Get-Content buil ...
+     ~~~~~~~~~~~~~~~~~~~~~~~~~~~~~~~~~~~~~~~~~~~~~~~
    + CategoryInfo          : NotSpecified: (:String) [], RemoteException
    + FullyQualifiedErrorId : NativeCommandError
 
FAILURE: Build failed with an exception.

* What went wrong:
Execution failed for task ':app:mergeDebugResources'.
> java.io.IOException: Unable to delete directory 'C:\Users\22004\Desktop\proje
ct-idea\LittleTools\FotooFukuokaAirportAPP\app\build\intermediates\merged_res_b
lame_folder\debug\mergeDebugResources\out'
    Failed to delete some children. This might happen because a process has fil
es open or has its working directory set in the target directory.
    - C:\Users\22004\Desktop\project-idea\LittleTools\FotooFukuokaAirportAPP\ap
p\build\intermediates\merged_res_blame_folder\debug\mergeDebugResources\out\sin
gle

* Try:
> Run with --stacktrace option to get the stack trace.
> Run with --info or --debug option to get more log output.
> Run with --scan to get full insights.
> Get more help at https://help.gradle.org.

Deprecated Gradle features were used in this build, making it incompatible with Gradle 9.0.

You can use '--warning-mode all' to show the individual deprecation warnings and determine if they come from your own scripts or plugins.

For more on this, please refer to https://docs.gradle.org/8.7/userguide/command_line_interface.html#sec:command_line_warnings in the Gradle documentation.

BUILD FAILED in 11s
5 actionable tasks: 1 executed, 4 up-to-date
